A	B	0.5	D
B	C	0.5	D
C	B	0.5	D
A	D	0.5	D
C	D	0.5	D
D	C	0.5	D
B	A	0.5	D
D	A	0.5	D