#Interactor1	Interactor2	Weight
A	B	0.98
B	C	0.77
